// Jest Snapshot v1, https://goo.gl/fbAQLP

exports[`seed: correctly generates seed data 1`] = `
Array [
  Object {
    "id": "f70c6744c2cb5a28b4c65aa06",
    "name": "tima",
    "price": -376088146896.4864,
  },
  Object {
    "id": "41cae0fd2b745d13942a845c2",
    "name": "bave",
    "price": -107811686055.936,
  },
  Object {
    "id": "b428ac91ec575e13a34ca0872",
    "name": "sa",
    "price": 37531676993.1264,
  },
  Object {
    "animal": "Dog",
    "birthday": "2019-10-10T18:26:07.269Z",
    "id": 4,
    "name": "ejjitluh",
    "toys": Object {
      "connect": Array [
        Object {
          "id": "f70c6744c2cb5a28b4c65aa06",
        },
      ],
    },
  },
  Object {
    "animal": "Dog",
    "birthday": "2019-10-10T18:26:07.269Z",
    "id": 5,
    "name": "ju",
    "toys": Object {
      "connect": Array [
        Object {
          "id": "41cae0fd2b745d13942a845c2",
        },
      ],
    },
  },
  Object {
    "animal": "Dog",
    "birthday": "2019-10-10T18:26:07.269Z",
    "id": 6,
    "name": "mok",
    "toys": Object {
      "connect": Array [
        Object {
          "id": "b428ac91ec575e13a34ca0872",
        },
      ],
    },
  },
  Object {
    "email": "wus",
    "id": "aa8d666774b95f5b98842fbbf",
    "isActive": false,
    "name": "rij",
    "pet": Object {
      "connect": Object {
        "id": 4,
      },
    },
  },
  Object {
    "email": "dul",
    "id": "7e2a361ba2bd5a95bf4369cd4",
    "isActive": false,
    "name": "vaopu",
    "pet": Object {
      "connect": Object {
        "id": 5,
      },
    },
  },
  Object {
    "address": "ofhi",
    "id": "1993f7b9ff9b5ed5ba8f8eac3",
    "numberOfRooms": 249546199,
    "residents": Object {
      "connect": Array [
        Object {
          "id": "aa8d666774b95f5b98842fbbf",
        },
      ],
    },
  },
  Object {
    "address": "umso",
    "id": "1fb0e0de626e5ce0ae4031aae",
    "numberOfRooms": -1800221258,
    "residents": Object {
      "connect": Array [
        Object {
          "id": "7e2a361ba2bd5a95bf4369cd4",
        },
      ],
    },
  },
  Object {
    "address": "ta",
    "id": "fdd67f25051358b79cf3c6a84",
    "numberOfRooms": -1398585549,
    "residents": Object {
      "connect": Array [],
    },
  },
]
`;

exports[`seed: correctly seeds the data 1`] = `
Array [
  Array [
    Object {
      "address": "fe",
      "id": "75ac0020e99f56a09f1304008",
      "numberOfRooms": 243959576,
      "residents": Array [
        Object {
          "email": "fef",
          "id": "5b827dc1993f57b9bf9bed51a",
          "isActive": false,
          "name": "pedej",
        },
      ],
    },
    Object {
      "address": "tuc",
      "id": "98694bbd450f5ce3b9f686c66",
      "numberOfRooms": 48715257,
      "residents": Array [
        Object {
          "email": "leg",
          "id": "1fb0e0de626e5ce0ae4031aae",
          "isActive": false,
          "name": "umso",
        },
      ],
    },
    Object {
      "address": "bu",
      "id": "357d5b617a995fa18b245af2c",
      "numberOfRooms": -844968178,
      "residents": Array [
        Object {
          "email": "rur",
          "id": "2505138b78cf53c6a84f5da63",
          "isActive": true,
          "name": "liedowa",
        },
      ],
    },
  ],
  Array [
    Object {
      "animal": "Dog",
      "birthday": 2019-10-10T18:26:07.269Z,
      "id": 6,
      "name": "Louis Castro",
      "toys": Array [
        Object {
          "id": "f70c6744c2cb5a28b4c65aa06",
          "name": "tima",
          "price": -376088146896.4864,
        },
      ],
      "users": Array [
        Object {
          "email": "fef",
          "id": "5b827dc1993f57b9bf9bed51a",
          "isActive": false,
          "name": "pedej",
        },
      ],
    },
    Object {
      "animal": "Dog",
      "birthday": 2019-10-10T18:26:07.269Z,
      "id": 7,
      "name": "Jessie Webb",
      "toys": Array [
        Object {
          "id": "41cae0fd2b745d13942a845c2",
          "name": "bave",
          "price": -107811686055.936,
        },
      ],
      "users": Array [
        Object {
          "email": "leg",
          "id": "1fb0e0de626e5ce0ae4031aae",
          "isActive": false,
          "name": "umso",
        },
      ],
    },
    Object {
      "animal": "Dog",
      "birthday": 2019-10-10T18:26:07.269Z,
      "id": 8,
      "name": "Sue Ford",
      "toys": Array [
        Object {
          "id": "b428ac91ec575e13a34ca0872",
          "name": "sa",
          "price": 37531676993.1264,
        },
      ],
      "users": Array [
        Object {
          "email": "rur",
          "id": "2505138b78cf53c6a84f5da63",
          "isActive": true,
          "name": "liedowa",
        },
      ],
    },
    Object {
      "animal": "Dog",
      "birthday": 2019-10-10T18:26:07.269Z,
      "id": 9,
      "name": "Theodore Holmes",
      "toys": Array [
        Object {
          "id": "0f816e384f0e543eae7cba017",
          "name": "woscujduv",
          "price": 630573438389.4528,
        },
      ],
      "users": Array [
        Object {
          "email": "sajopbed",
          "id": "c80333ed0b0953998dfef6689",
          "isActive": true,
          "name": "fow",
        },
      ],
    },
    Object {
      "animal": "Dog",
      "birthday": 2019-10-10T18:26:07.269Z,
      "id": 10,
      "name": "Elva Curry",
      "toys": Array [
        Object {
          "id": "2fbbfe5f56455e93b1b068763",
          "name": "biga",
          "price": 712944317261.4144,
        },
      ],
      "users": Array [
        Object {
          "email": "pufwi",
          "id": "6250dc6ad2fc56f58865e43b3",
          "isActive": true,
          "name": "putitpo",
        },
      ],
    },
  ],
  Array [
    Object {
      "id": "f70c6744c2cb5a28b4c65aa06",
      "name": "tima",
      "pet": Object {
        "animal": "Dog",
        "birthday": 2019-10-10T18:26:07.269Z,
        "id": 6,
        "name": "Louis Castro",
      },
      "price": -376088146896.4864,
    },
    Object {
      "id": "41cae0fd2b745d13942a845c2",
      "name": "bave",
      "pet": Object {
        "animal": "Dog",
        "birthday": 2019-10-10T18:26:07.269Z,
        "id": 7,
        "name": "Jessie Webb",
      },
      "price": -107811686055.936,
    },
    Object {
      "id": "b428ac91ec575e13a34ca0872",
      "name": "sa",
      "pet": Object {
        "animal": "Dog",
        "birthday": 2019-10-10T18:26:07.269Z,
        "id": 8,
        "name": "Sue Ford",
      },
      "price": 37531676993.1264,
    },
    Object {
      "id": "0f816e384f0e543eae7cba017",
      "name": "woscujduv",
      "pet": Object {
        "animal": "Dog",
        "birthday": 2019-10-10T18:26:07.269Z,
        "id": 9,
        "name": "Theodore Holmes",
      },
      "price": 630573438389.4528,
    },
    Object {
      "id": "2fbbfe5f56455e93b1b068763",
      "name": "biga",
      "pet": Object {
        "animal": "Dog",
        "birthday": 2019-10-10T18:26:07.269Z,
        "id": 10,
        "name": "Elva Curry",
      },
      "price": 712944317261.4144,
    },
  ],
  Array [
    Object {
      "email": "fef",
      "house": Object {
        "address": "fe",
        "id": "75ac0020e99f56a09f1304008",
        "numberOfRooms": 243959576,
      },
      "id": "5b827dc1993f57b9bf9bed51a",
      "isActive": false,
      "name": "pedej",
      "pet": Object {
        "animal": "Dog",
        "birthday": 2019-10-10T18:26:07.269Z,
        "id": 6,
        "name": "Louis Castro",
      },
    },
    Object {
      "email": "leg",
      "house": Object {
        "address": "tuc",
        "id": "98694bbd450f5ce3b9f686c66",
        "numberOfRooms": 48715257,
      },
      "id": "1fb0e0de626e5ce0ae4031aae",
      "isActive": false,
      "name": "umso",
      "pet": Object {
        "animal": "Dog",
        "birthday": 2019-10-10T18:26:07.269Z,
        "id": 7,
        "name": "Jessie Webb",
      },
    },
    Object {
      "email": "rur",
      "house": Object {
        "address": "bu",
        "id": "357d5b617a995fa18b245af2c",
        "numberOfRooms": -844968178,
      },
      "id": "2505138b78cf53c6a84f5da63",
      "isActive": true,
      "name": "liedowa",
      "pet": Object {
        "animal": "Dog",
        "birthday": 2019-10-10T18:26:07.269Z,
        "id": 8,
        "name": "Sue Ford",
      },
    },
    Object {
      "email": "sajopbed",
      "house": null,
      "id": "c80333ed0b0953998dfef6689",
      "isActive": true,
      "name": "fow",
      "pet": Object {
        "animal": "Dog",
        "birthday": 2019-10-10T18:26:07.269Z,
        "id": 9,
        "name": "Theodore Holmes",
      },
    },
    Object {
      "email": "pufwi",
      "house": null,
      "id": "6250dc6ad2fc56f58865e43b3",
      "isActive": true,
      "name": "putitpo",
      "pet": Object {
        "animal": "Dog",
        "birthday": 2019-10-10T18:26:07.269Z,
        "id": 10,
        "name": "Elva Curry",
      },
    },
  ],
]
`;
